Hello from Commander